// Jest Snapshot v1, https://goo.gl/fbAQLP

exports[`Ec2AutoStopStack Snapshot Test stack 1`] = `
Object {
  "Parameters": Object {
    "AssetParameters5632cf559668da3634825953820a8e3b2a1fde50814fdc1426ad2d3077a12eeeArtifactHash06C430E0": Object {
      "Description": "Artifact hash for asset \\"5632cf559668da3634825953820a8e3b2a1fde50814fdc1426ad2d3077a12eee\\"",
      "Type": "String",
    },
    "AssetParameters5632cf559668da3634825953820a8e3b2a1fde50814fdc1426ad2d3077a12eeeS3BucketD650C450": Object {
      "Description": "S3 bucket for asset \\"5632cf559668da3634825953820a8e3b2a1fde50814fdc1426ad2d3077a12eee\\"",
      "Type": "String",
    },
    "AssetParameters5632cf559668da3634825953820a8e3b2a1fde50814fdc1426ad2d3077a12eeeS3VersionKeyF2F02B29": Object {
      "Description": "S3 key for asset version \\"5632cf559668da3634825953820a8e3b2a1fde50814fdc1426ad2d3077a12eee\\"",
      "Type": "String",
    },
    "AssetParameterseb41bb5928a5270afc4b4f1d4798fe48dea3b712bba55bc0b73af61bdcfc4b86ArtifactHashD9F9A821": Object {
      "Description": "Artifact hash for asset \\"eb41bb5928a5270afc4b4f1d4798fe48dea3b712bba55bc0b73af61bdcfc4b86\\"",
      "Type": "String",
    },
    "AssetParameterseb41bb5928a5270afc4b4f1d4798fe48dea3b712bba55bc0b73af61bdcfc4b86S3Bucket9ACFAFA1": Object {
      "Description": "S3 bucket for asset \\"eb41bb5928a5270afc4b4f1d4798fe48dea3b712bba55bc0b73af61bdcfc4b86\\"",
      "Type": "String",
    },
    "AssetParameterseb41bb5928a5270afc4b4f1d4798fe48dea3b712bba55bc0b73af61bdcfc4b86S3VersionKey7FDEE70D": Object {
      "Description": "S3 key for asset version \\"eb41bb5928a5270afc4b4f1d4798fe48dea3b712bba55bc0b73af61bdcfc4b86\\"",
      "Type": "String",
    },
  },
  "Resources": Object {
    "startfunc11A5B5E4": Object {
      "DependsOn": Array [
        "startfuncServiceRoleDefaultPolicy4296A22E",
        "startfuncServiceRole5E3BFDEC",
      ],
      "Properties": Object {
        "Code": Object {
          "S3Bucket": Object {
            "Ref": "AssetParameters5632cf559668da3634825953820a8e3b2a1fde50814fdc1426ad2d3077a12eeeS3BucketD650C450",
          },
          "S3Key": Object {
            "Fn::Join": Array [
              "",
              Array [
                Object {
                  "Fn::Select": Array [
                    0,
                    Object {
                      "Fn::Split": Array [
                        "||",
                        Object {
                          "Ref": "AssetParameters5632cf559668da3634825953820a8e3b2a1fde50814fdc1426ad2d3077a12eeeS3VersionKeyF2F02B29",
                        },
                      ],
                    },
                  ],
                },
                Object {
                  "Fn::Select": Array [
                    1,
                    Object {
                      "Fn::Split": Array [
                        "||",
                        Object {
                          "Ref": "AssetParameters5632cf559668da3634825953820a8e3b2a1fde50814fdc1426ad2d3077a12eeeS3VersionKeyF2F02B29",
                        },
                      ],
                    },
                  ],
                },
              ],
            ],
          },
        },
        "Environment": Object {
          "Variables": Object {
            "AWS_NODEJS_CONNECTION_REUSE_ENABLED": "1",
            "DISCORD_TOKEN": "https://discord.com/api/webhooks/822729931967561748/fkV3rZ_d0-6ufBuoe5VzzmbyRbDiiLFQCanbqn6-sc5kcsgchBHPmPxd7akpCamkFEVY",
          },
        },
        "Handler": "index.handler",
        "Role": Object {
          "Fn::GetAtt": Array [
            "startfuncServiceRole5E3BFDEC",
            "Arn",
          ],
        },
        "Runtime": "nodejs12.x",
      },
      "Type": "AWS::Lambda::Function",
    },
    "startfuncServiceRole5E3BFDEC": Object {
      "Properties": Object {
        "AssumeRolePolicyDocument": Object {
          "Statement": Array [
            Object {
              "Action": "sts:AssumeRole",
              "Effect": "Allow",
              "Principal": Object {
                "Service": "lambda.amazonaws.com",
              },
            },
          ],
          "Version": "2012-10-17",
        },
        "ManagedPolicyArns": Array [
          Object {
            "Fn::Join": Array [
              "",
              Array [
                "arn:",
                Object {
                  "Ref": "AWS::Partition",
                },
                ":iam::aws:policy/service-role/AWSLambdaBasicExecutionRole",
              ],
            ],
          },
        ],
      },
      "Type": "AWS::IAM::Role",
    },
    "startfuncServiceRoleDefaultPolicy4296A22E": Object {
      "Properties": Object {
        "PolicyDocument": Object {
          "Statement": Array [
            Object {
              "Action": "ec2:StartInstances",
              "Effect": "Allow",
              "Resource": Object {
                "Fn::Join": Array [
                  "",
                  Array [
                    "arn:aws:ec2:",
                    Object {
                      "Ref": "AWS::Region",
                    },
                    ":",
                    Object {
                      "Ref": "AWS::AccountId",
                    },
                    ":instance/*",
                  ],
                ],
              },
            },
            Object {
              "Action": "ec2:DescribeInstances",
              "Effect": "Allow",
              "Resource": "*",
            },
          ],
          "Version": "2012-10-17",
        },
        "PolicyName": "startfuncServiceRoleDefaultPolicy4296A22E",
        "Roles": Array [
          Object {
            "Ref": "startfuncServiceRole5E3BFDEC",
          },
        ],
      },
      "Type": "AWS::IAM::Policy",
    },
    "startfuncschedule6E4014A2": Object {
      "Properties": Object {
        "ScheduleExpression": "cron(0 0 * * ? *)",
        "State": "ENABLED",
        "Targets": Array [
          Object {
            "Arn": Object {
              "Fn::GetAtt": Array [
                "startfunc11A5B5E4",
                "Arn",
              ],
            },
            "Id": "Target0",
          },
        ],
      },
      "Type": "AWS::Events::Rule",
    },
    "startfuncscheduleAllowEventRuleEc2AutoStopStackstartfuncE82B6DA3F02D2B67": Object {
      "Properties": Object {
        "Action": "lambda:InvokeFunction",
        "FunctionName": Object {
          "Fn::GetAtt": Array [
            "startfunc11A5B5E4",
            "Arn",
          ],
        },
        "Principal": "events.amazonaws.com",
        "SourceArn": Object {
          "Fn::GetAtt": Array [
            "startfuncschedule6E4014A2",
            "Arn",
          ],
        },
      },
      "Type": "AWS::Lambda::Permission",
    },
    "stopfuncFD6C7B5F": Object {
      "DependsOn": Array [
        "stopfuncServiceRoleDefaultPolicyEE15E9C6",
        "stopfuncServiceRole0C10635E",
      ],
      "Properties": Object {
        "Code": Object {
          "S3Bucket": Object {
            "Ref": "AssetParameterseb41bb5928a5270afc4b4f1d4798fe48dea3b712bba55bc0b73af61bdcfc4b86S3Bucket9ACFAFA1",
          },
          "S3Key": Object {
            "Fn::Join": Array [
              "",
              Array [
                Object {
                  "Fn::Select": Array [
                    0,
                    Object {
                      "Fn::Split": Array [
                        "||",
                        Object {
                          "Ref": "AssetParameterseb41bb5928a5270afc4b4f1d4798fe48dea3b712bba55bc0b73af61bdcfc4b86S3VersionKey7FDEE70D",
                        },
                      ],
                    },
                  ],
                },
                Object {
                  "Fn::Select": Array [
                    1,
                    Object {
                      "Fn::Split": Array [
                        "||",
                        Object {
                          "Ref": "AssetParameterseb41bb5928a5270afc4b4f1d4798fe48dea3b712bba55bc0b73af61bdcfc4b86S3VersionKey7FDEE70D",
                        },
                      ],
                    },
                  ],
                },
              ],
            ],
          },
        },
        "Environment": Object {
          "Variables": Object {
            "AWS_NODEJS_CONNECTION_REUSE_ENABLED": "1",
            "DISCORD_TOKEN": "https://discord.com/api/webhooks/822729931967561748/fkV3rZ_d0-6ufBuoe5VzzmbyRbDiiLFQCanbqn6-sc5kcsgchBHPmPxd7akpCamkFEVY",
          },
        },
        "Handler": "index.handler",
        "Role": Object {
          "Fn::GetAtt": Array [
            "stopfuncServiceRole0C10635E",
            "Arn",
          ],
        },
        "Runtime": "nodejs12.x",
      },
      "Type": "AWS::Lambda::Function",
    },
    "stopfuncServiceRole0C10635E": Object {
      "Properties": Object {
        "AssumeRolePolicyDocument": Object {
          "Statement": Array [
            Object {
              "Action": "sts:AssumeRole",
              "Effect": "Allow",
              "Principal": Object {
                "Service": "lambda.amazonaws.com",
              },
            },
          ],
          "Version": "2012-10-17",
        },
        "ManagedPolicyArns": Array [
          Object {
            "Fn::Join": Array [
              "",
              Array [
                "arn:",
                Object {
                  "Ref": "AWS::Partition",
                },
                ":iam::aws:policy/service-role/AWSLambdaBasicExecutionRole",
              ],
            ],
          },
        ],
      },
      "Type": "AWS::IAM::Role",
    },
    "stopfuncServiceRoleDefaultPolicyEE15E9C6": Object {
      "Properties": Object {
        "PolicyDocument": Object {
          "Statement": Array [
            Object {
              "Action": "ec2:StopInstances",
              "Effect": "Allow",
              "Resource": Object {
                "Fn::Join": Array [
                  "",
                  Array [
                    "arn:aws:ec2:",
                    Object {
                      "Ref": "AWS::Region",
                    },
                    ":",
                    Object {
                      "Ref": "AWS::AccountId",
                    },
                    ":instance/*",
                  ],
                ],
              },
            },
            Object {
              "Action": "ec2:DescribeInstances",
              "Effect": "Allow",
              "Resource": "*",
            },
          ],
          "Version": "2012-10-17",
        },
        "PolicyName": "stopfuncServiceRoleDefaultPolicyEE15E9C6",
        "Roles": Array [
          Object {
            "Ref": "stopfuncServiceRole0C10635E",
          },
        ],
      },
      "Type": "AWS::IAM::Policy",
    },
    "stopfuncschedule55A0A613": Object {
      "Properties": Object {
        "ScheduleExpression": "cron(30,40 14 * * ? *)",
        "State": "ENABLED",
        "Targets": Array [
          Object {
            "Arn": Object {
              "Fn::GetAtt": Array [
                "stopfuncFD6C7B5F",
                "Arn",
              ],
            },
            "Id": "Target0",
          },
        ],
      },
      "Type": "AWS::Events::Rule",
    },
    "stopfuncscheduleAllowEventRuleEc2AutoStopStackstopfunc55F42AFB39CCEFA0": Object {
      "Properties": Object {
        "Action": "lambda:InvokeFunction",
        "FunctionName": Object {
          "Fn::GetAtt": Array [
            "stopfuncFD6C7B5F",
            "Arn",
          ],
        },
        "Principal": "events.amazonaws.com",
        "SourceArn": Object {
          "Fn::GetAtt": Array [
            "stopfuncschedule55A0A613",
            "Arn",
          ],
        },
      },
      "Type": "AWS::Lambda::Permission",
    },
  },
}
`;
